
> smart-queue@1.0.0 build
> vite build

[36mvite v7.3.1 [32mbuilding client environment for production...[36m[39m
transforming...
[32mΓ£ô[39m 2620 modules transformed.
node.exe : 
[31mΓ£ù[39m Build 
failed in 2.74s
At line:1 char:1
+ & "D:\Program 
Files/node.exe" 
"D:\Program Files/node_
modules/npm/bin/ ...
+ ~~~~~~~~~~~~~~~~~~~~~
~~~~~~~~~~~~~~~~~~~~~~~
~~~~~~~~~~~~~~~~~~~~~~~
~~
    + CategoryInfo     
         : NotSpecifi  
  ed: ([31mΓ£ù[39m   
  Build failed in 2    
.74s:String) [], R    
emoteException
    + FullyQualifiedEr 
   rorId : NativeComm  
  andError
 
[31merror during 
build:
[31m[vite]: Rollup 
failed to resolve 
import "react-is" from 
"D:/Documents/Smart Que
ue/node_modules/rechart
s/es6/util/ReactUtils.j
s".
This is most likely 
unintended because it 
can break your 
application at runtime.
If you do want to 
externalize this 
module explicitly add 
it to
`build.rollupOptions.ex
ternal`[31m
    at viteLog (file://
/D:/Documents/Smart%20Q
ueue/node_modules/vite/
dist/node/chunks/config
.js:33635:57)
    at file:///D:/Docum
ents/Smart%20Queue/node
_modules/vite/dist/node
/chunks/config.js:33669
:73
    at onwarn (file:///
D:/Documents/Smart%20Qu
eue/node_modules/@vitej
s/plugin-react/dist/ind
ex.js:76:7)
    at file:///D:/Docum
ents/Smart%20Queue/node
_modules/vite/dist/node
/chunks/config.js:33669
:28
    at onRollupLog (fil
e:///D:/Documents/Smart
%20Queue/node_modules/v
ite/dist/node/chunks/co
nfig.js:33664:63)
    at onLog (file:///D
:/Documents/Smart%20Que
ue/node_modules/vite/di
st/node/chunks/config.j
s:33467:4)
    at file:///D:/Docum
ents/Smart%20Queue/node
_modules/rollup/dist/es
/shared/node-entry.js:2
0981:32
    at Object.logger 
[as onLog] (file:///D:/
Documents/Smart%20Queue
/node_modules/rollup/di
st/es/shared/node-entry
.js:22968:9)
    at ModuleLoader.han
dleInvalidResolvedId (f
ile:///D:/Documents/Sma
rt%20Queue/node_modules
/rollup/dist/es/shared/
node-entry.js:21712:26)
    at file:///D:/Docum
ents/Smart%20Queue/node
_modules/rollup/dist/es
/shared/node-entry.js:2
1670:26[39m
